[2026-05-30T15:10:03.628491] Character Manager running at http://0.0.0.0:9091
[2026-05-30T15:10:03.632339] Characters: 426
[2026-05-30T15:10:10.125305] "GET /api/categories HTTP/1.1" 200 -
[2026-05-30T15:10:39.185293] "GET / HTTP/1.1" 200 -
[2026-05-30T15:10:39.364478] "GET /api/index HTTP/1.1" 200 -
[2026-05-30T15:10:39.869598] "GET /favicon.ico HTTP/1.1" 404 -
[2026-05-30T15:10:55.446890] "GET /static/upload_b7306c433409390789660e6b8011bc79.jpg HTTP/1.1" 404 -
[2026-05-30T15:11:27.248119] "GET /static/upload_b7306c433409390789660e6b8011bc79.jpg HTTP/1.1" 404 -
[2026-05-30T15:16:29.098023] Character Manager running at http://0.0.0.0:9091
[2026-05-30T15:16:29.100379] Characters: 426
[2026-05-30T15:16:30.453074] "GET /api/categories HTTP/1.1" 200 -
[2026-05-30T15:17:22.050021] "GET / HTTP/1.1" 200 -
[2026-05-30T15:17:22.227653] "GET /api/index HTTP/1.1" 200 -
[2026-05-30T15:17:22.699744] "GET /favicon.ico HTTP/1.1" 404 -
[2026-05-30T15:20:14.724228] Character Manager running at http://0.0.0.0:9091
[2026-05-30T15:20:14.726674] Characters: 426
[2026-05-30T15:20:16.934442] "GET /api/index HTTP/1.1" 200 -
[2026-05-30T15:21:24.560048] "GET / HTTP/1.1" 200 -
[2026-05-30T15:21:24.729066] "GET /api/index HTTP/1.1" 200 -
[2026-05-30T15:21:25.299809] "GET /static/upload_b7306c433409390789660e6b8011bc79.jpg HTTP/1.1" 404 -
[2026-05-30T15:21:52.439351] "GET /static/upload_b7306c433409390789660e6b8011bc79.jpg HTTP/1.1" 404 -
